// Jest Snapshot v1, https://goo.gl/fbAQLP

exports[`Tabs component should render tabs correctly 1`] = `
<ContextProvider
  value={
    Object {
      "batch": [Function],
      "blur": [Function],
      "change": [Function],
      "destroyOnUnregister": false,
      "focus": [Function],
      "getFieldState": [Function],
      "getRegisteredFields": [Function],
      "getState": [Function],
      "initialize": [Function],
      "isValidationPaused": [Function],
      "mutators": Object {},
      "pauseValidation": [Function],
      "registerField": [Function],
      "reset": [Function],
      "resetFieldState": [Function],
      "restart": [Function],
      "resumeValidation": [Function],
      "setConfig": [Function],
      "submit": [Function],
      "subscribe": [Function],
    }
  }
>
  <ContextProvider
    value={
      Object {
        "formOptions": Object {
          "renderForm": [Function],
        },
      }
    }
  >
    <FormTabs
      fields={
        Array [
          Object {
            "fields": Array [],
            "name": "cosiName",
            "title": "cosiTitle",
          },
          Object {
            "fields": Array [],
            "name": "cosiName2",
            "title": "cosiTitle2",
          },
        ]
      }
    />
  </ContextProvider>
</ContextProvider>
`;
